2026-02-05 17:47:08 [info]: Server starting...
2026-02-05 17:47:08 [info]: Listening on port 3000
2026-02-05 17:47:08 [info]: RedisDB 연결 성공
2026-02-05 17:47:09 [info]: db connect sucess
2026-02-05 17:49:00 [info]: Slack Notify 요청 받음
{
  "meta": {
    "from": "",
    "message": "",
    "IS_KEY_PROGRAM_ID": "main2018",
    "webDataCacheBust": "1770099241561",
    "requireBust": "1769590075170"
  }
}
2026-02-05 17:49:00 [error]: [200] [Slack Notify] 알 수 없는 발신자 
{
  "meta": {
    "req": {
      "method": "POST",
      "url": "/api/v1/integrations/slack/notify",
      "ip": "::1",
      "query": {},
      "body": {
        "from": "",
        "message": "",
        "IS_KEY_PROGRAM_ID": "main2018",
        "webDataCacheBust": "1770099241561",
        "requireBust": "1769590075170"
      },
      "headers": {
        "host": "localhost:3000",
        "connection": "keep-alive",
        "content-length": "98",
        "pragma": "no-cache",
        "cache-control": "no-cache",
        "sec-ch-ua-platform": "\"Windows\"",
        "user-agent": "Mozilla/5.0 (Windows NT 10.0; Win64; x64) AppleWebKit/537.36 (KHTML, like Gecko) Chrome/143.0.0.0 Safari/537.36",
        "accept": "*/*",
        "sec-ch-ua": "\"Google Chrome\";v=\"143\", \"Chromium\";v=\"143\", \"Not A(Brand\";v=\"24\"",
        "content-type": "application/x-www-form-urlencoded; charset=UTF-8",
        "sec-ch-ua-mobile": "?0",
        "origin": "http://localhost:8081",
        "sec-fetch-site": "same-site",
        "sec-fetch-mode": "cors",
        "sec-fetch-dest": "empty",
        "referer": "http://localhost:8081/",
        "accept-encoding": "gzip, deflate, br, zstd",
        "accept-language": "ko-KR,ko;q=0.9,en-US;q=0.8,en;q=0.7"
      }
    },
    "user": "Guest",
    "stack": "Error: [Slack Notify] 알 수 없는 발신자 \n    at SlackService.notify (file:///d:/Project/exercise/JJServer/src/service/SlackService.js:77:19)\n    at SlackController.notify (file:///d:/Project/exercise/JJServer/src/controller/SlackController.js:53:28)\n    at newFn (d:\\Project\\exercise\\JJServer\\node_modules\\express-async-errors\\index.js:16:20)\n    at Layer.handle [as handle_request] (d:\\Project\\exercise\\JJServer\\node_modules\\express\\lib\\router\\layer.js:95:5)\n    at next (d:\\Project\\exercise\\JJServer\\node_modules\\express\\lib\\router\\route.js:144:13)\n    at Route.dispatch (d:\\Project\\exercise\\JJServer\\node_modules\\express\\lib\\router\\route.js:114:3)\n    at newFn (d:\\Project\\exercise\\JJServer\\node_modules\\express-async-errors\\index.js:16:20)\n    at Layer.handle [as handle_request] (d:\\Project\\exercise\\JJServer\\node_modules\\express\\lib\\router\\layer.js:95:5)\n    at d:\\Project\\exercise\\JJServer\\node_modules\\express\\lib\\router\\index.js:284:15\n    at Function.process_params (d:\\Project\\exercise\\JJServer\\node_modules\\express\\lib\\router\\index.js:346:12)\n    at next (d:\\Project\\exercise\\JJServer\\node_modules\\express\\lib\\router\\index.js:280:10)\n    at Function.handle (d:\\Project\\exercise\\JJServer\\node_modules\\express\\lib\\router\\index.js:175:3)\n    at router (d:\\Project\\exercise\\JJServer\\node_modules\\express\\lib\\router\\index.js:47:12)\n    at newFn (d:\\Project\\exercise\\JJServer\\node_modules\\express-async-errors\\index.js:16:20)\n    at Layer.handle [as handle_request] (d:\\Project\\exercise\\JJServer\\node_modules\\express\\lib\\router\\layer.js:95:5)\n    at trim_prefix (d:\\Project\\exercise\\JJServer\\node_modules\\express\\lib\\router\\index.js:328:13)"
  }
}
2026-02-05 17:51:26 [info]: Slack Notify 요청 받음
{
  "meta": {
    "from": "",
    "message": "",
    "IS_KEY_PROGRAM_ID": "main2018",
    "webDataCacheBust": "1770099241561",
    "requireBust": "1769590075170"
  }
}
2026-02-05 17:51:26 [error]: [200] [Slack Notify] 알 수 없는 발신자 
{
  "meta": {
    "req": {
      "method": "POST",
      "url": "/api/v1/integrations/slack/notify",
      "ip": "::1",
      "query": {},
      "body": {
        "from": "",
        "message": "",
        "IS_KEY_PROGRAM_ID": "main2018",
        "webDataCacheBust": "1770099241561",
        "requireBust": "1769590075170"
      },
      "headers": {
        "host": "localhost:3000",
        "connection": "keep-alive",
        "content-length": "98",
        "pragma": "no-cache",
        "cache-control": "no-cache",
        "sec-ch-ua-platform": "\"Windows\"",
        "user-agent": "Mozilla/5.0 (Windows NT 10.0; Win64; x64) AppleWebKit/537.36 (KHTML, like Gecko) Chrome/143.0.0.0 Safari/537.36",
        "accept": "*/*",
        "sec-ch-ua": "\"Google Chrome\";v=\"143\", \"Chromium\";v=\"143\", \"Not A(Brand\";v=\"24\"",
        "content-type": "application/x-www-form-urlencoded; charset=UTF-8",
        "sec-ch-ua-mobile": "?0",
        "origin": "http://localhost:8081",
        "sec-fetch-site": "same-site",
        "sec-fetch-mode": "cors",
        "sec-fetch-dest": "empty",
        "referer": "http://localhost:8081/",
        "accept-encoding": "gzip, deflate, br, zstd",
        "accept-language": "ko-KR,ko;q=0.9,en-US;q=0.8,en;q=0.7"
      }
    },
    "user": "Guest",
    "stack": "Error: [Slack Notify] 알 수 없는 발신자 \n    at SlackService.notify (file:///d:/Project/exercise/JJServer/src/service/SlackService.js:77:19)\n    at SlackController.notify (file:///d:/Project/exercise/JJServer/src/controller/SlackController.js:53:28)\n    at newFn (d:\\Project\\exercise\\JJServer\\node_modules\\express-async-errors\\index.js:16:20)\n    at Layer.handle [as handle_request] (d:\\Project\\exercise\\JJServer\\node_modules\\express\\lib\\router\\layer.js:95:5)\n    at next (d:\\Project\\exercise\\JJServer\\node_modules\\express\\lib\\router\\route.js:144:13)\n    at Route.dispatch (d:\\Project\\exercise\\JJServer\\node_modules\\express\\lib\\router\\route.js:114:3)\n    at newFn (d:\\Project\\exercise\\JJServer\\node_modules\\express-async-errors\\index.js:16:20)\n    at Layer.handle [as handle_request] (d:\\Project\\exercise\\JJServer\\node_modules\\express\\lib\\router\\layer.js:95:5)\n    at d:\\Project\\exercise\\JJServer\\node_modules\\express\\lib\\router\\index.js:284:15\n    at Function.process_params (d:\\Project\\exercise\\JJServer\\node_modules\\express\\lib\\router\\index.js:346:12)\n    at next (d:\\Project\\exercise\\JJServer\\node_modules\\express\\lib\\router\\index.js:280:10)\n    at Function.handle (d:\\Project\\exercise\\JJServer\\node_modules\\express\\lib\\router\\index.js:175:3)\n    at router (d:\\Project\\exercise\\JJServer\\node_modules\\express\\lib\\router\\index.js:47:12)\n    at newFn (d:\\Project\\exercise\\JJServer\\node_modules\\express-async-errors\\index.js:16:20)\n    at Layer.handle [as handle_request] (d:\\Project\\exercise\\JJServer\\node_modules\\express\\lib\\router\\layer.js:95:5)\n    at trim_prefix (d:\\Project\\exercise\\JJServer\\node_modules\\express\\lib\\router\\index.js:328:13)"
  }
}
2026-02-05 17:51:31 [info]: Slack Notify 요청 받음
{
  "meta": {
    "from": "",
    "message": "",
    "IS_KEY_PROGRAM_ID": "main2018",
    "webDataCacheBust": "1770099241561",
    "requireBust": "1769590075170"
  }
}
2026-02-05 17:51:31 [error]: [200] [Slack Notify] 알 수 없는 발신자 
{
  "meta": {
    "req": {
      "method": "POST",
      "url": "/api/v1/integrations/slack/notify",
      "ip": "::1",
      "query": {},
      "body": {
        "from": "",
        "message": "",
        "IS_KEY_PROGRAM_ID": "main2018",
        "webDataCacheBust": "1770099241561",
        "requireBust": "1769590075170"
      },
      "headers": {
        "host": "localhost:3000",
        "connection": "keep-alive",
        "content-length": "98",
        "pragma": "no-cache",
        "cache-control": "no-cache",
        "sec-ch-ua-platform": "\"Windows\"",
        "user-agent": "Mozilla/5.0 (Windows NT 10.0; Win64; x64) AppleWebKit/537.36 (KHTML, like Gecko) Chrome/143.0.0.0 Safari/537.36",
        "accept": "*/*",
        "sec-ch-ua": "\"Google Chrome\";v=\"143\", \"Chromium\";v=\"143\", \"Not A(Brand\";v=\"24\"",
        "content-type": "application/x-www-form-urlencoded; charset=UTF-8",
        "sec-ch-ua-mobile": "?0",
        "origin": "http://localhost:8081",
        "sec-fetch-site": "same-site",
        "sec-fetch-mode": "cors",
        "sec-fetch-dest": "empty",
        "referer": "http://localhost:8081/",
        "accept-encoding": "gzip, deflate, br, zstd",
        "accept-language": "ko-KR,ko;q=0.9,en-US;q=0.8,en;q=0.7"
      }
    },
    "user": "Guest",
    "stack": "Error: [Slack Notify] 알 수 없는 발신자 \n    at SlackService.notify (file:///d:/Project/exercise/JJServer/src/service/SlackService.js:77:19)\n    at SlackController.notify (file:///d:/Project/exercise/JJServer/src/controller/SlackController.js:53:28)\n    at newFn (d:\\Project\\exercise\\JJServer\\node_modules\\express-async-errors\\index.js:16:20)\n    at Layer.handle [as handle_request] (d:\\Project\\exercise\\JJServer\\node_modules\\express\\lib\\router\\layer.js:95:5)\n    at next (d:\\Project\\exercise\\JJServer\\node_modules\\express\\lib\\router\\route.js:144:13)\n    at Route.dispatch (d:\\Project\\exercise\\JJServer\\node_modules\\express\\lib\\router\\route.js:114:3)\n    at newFn (d:\\Project\\exercise\\JJServer\\node_modules\\express-async-errors\\index.js:16:20)\n    at Layer.handle [as handle_request] (d:\\Project\\exercise\\JJServer\\node_modules\\express\\lib\\router\\layer.js:95:5)\n    at d:\\Project\\exercise\\JJServer\\node_modules\\express\\lib\\router\\index.js:284:15\n    at Function.process_params (d:\\Project\\exercise\\JJServer\\node_modules\\express\\lib\\router\\index.js:346:12)\n    at next (d:\\Project\\exercise\\JJServer\\node_modules\\express\\lib\\router\\index.js:280:10)\n    at Function.handle (d:\\Project\\exercise\\JJServer\\node_modules\\express\\lib\\router\\index.js:175:3)\n    at router (d:\\Project\\exercise\\JJServer\\node_modules\\express\\lib\\router\\index.js:47:12)\n    at newFn (d:\\Project\\exercise\\JJServer\\node_modules\\express-async-errors\\index.js:16:20)\n    at Layer.handle [as handle_request] (d:\\Project\\exercise\\JJServer\\node_modules\\express\\lib\\router\\layer.js:95:5)\n    at trim_prefix (d:\\Project\\exercise\\JJServer\\node_modules\\express\\lib\\router\\index.js:328:13)"
  }
}
2026-02-05 19:33:59 [info]: Server starting...
2026-02-05 19:33:59 [info]: Listening on port 3000
2026-02-05 19:33:59 [info]: RedisDB 연결 성공
2026-02-05 19:33:59 [info]: db connect sucess
2026-02-05 19:34:07 [info]: Slack Notify 요청 받음
{
  "meta": {
    "from": "",
    "message": "",
    "IS_KEY_PROGRAM_ID": "main2018",
    "webDataCacheBust": "1770099241561",
    "requireBust": "1769590075170"
  }
}
2026-02-05 19:40:15 [info]: Server starting...
2026-02-05 19:40:15 [info]: Listening on port 3000
2026-02-05 19:40:15 [info]: RedisDB 연결 성공
2026-02-05 19:40:16 [info]: db connect sucess
2026-02-05 19:40:24 [info]: Slack Notify 요청 받음
{
  "meta": {
    "from": "",
    "message": "",
    "IS_KEY_PROGRAM_ID": "main2018",
    "webDataCacheBust": "1770099241561",
    "requireBust": "1769590075170"
  }
}
2026-02-05 19:41:27 [info]: Server starting...
2026-02-05 19:41:27 [info]: Listening on port 3000
2026-02-05 19:41:27 [info]: RedisDB 연결 성공
2026-02-05 19:41:28 [info]: db connect sucess
2026-02-05 19:41:52 [info]: Slack Notify 요청 받음
{
  "meta": {
    "from": "",
    "message": "",
    "IS_KEY_PROGRAM_ID": "main2018",
    "webDataCacheBust": "1770099241561",
    "requireBust": "1769590075170"
  }
}
2026-02-05 19:42:58 [info]: Slack Notify 요청 받음
{
  "meta": {
    "from": "",
    "message": "",
    "IS_KEY_PROGRAM_ID": "main2018",
    "webDataCacheBust": "1770099241561",
    "requireBust": "1769590075170"
  }
}
2026-02-05 19:43:15 [info]: Slack Notify 요청 받음
{
  "meta": {
    "from": "",
    "message": "",
    "IS_KEY_PROGRAM_ID": "main2018",
    "webDataCacheBust": "1770099241561",
    "requireBust": "1769590075170"
  }
}
2026-02-05 19:44:01 [info]: Server starting...
2026-02-05 19:44:01 [info]: Listening on port 3000
2026-02-05 19:44:01 [info]: RedisDB 연결 성공
2026-02-05 19:44:02 [info]: db connect sucess
2026-02-05 19:44:06 [info]: Slack Notify 요청 받음
{
  "meta": {
    "from": "",
    "message": "",
    "IS_KEY_PROGRAM_ID": "main2018",
    "webDataCacheBust": "1770099241561",
    "requireBust": "1769590075170"
  }
}
2026-02-05 19:45:14 [info]: Server starting...
2026-02-05 19:45:14 [info]: Listening on port 3000
2026-02-05 19:45:14 [info]: RedisDB 연결 성공
2026-02-05 19:45:14 [info]: db connect sucess
2026-02-05 19:45:18 [info]: Slack Notify 요청 받음
{
  "meta": {
    "from": "",
    "message": "",
    "IS_KEY_PROGRAM_ID": "main2018",
    "webDataCacheBust": "1770099241561",
    "requireBust": "1769590075170"
  }
}
2026-02-05 19:46:46 [info]: Server starting...
2026-02-05 19:46:46 [info]: Listening on port 3000
2026-02-05 19:46:46 [info]: RedisDB 연결 성공
2026-02-05 19:46:47 [info]: db connect sucess
2026-02-05 19:46:48 [info]: Slack Notify 요청 받음
{
  "meta": {
    "from": "",
    "message": "",
    "IS_KEY_PROGRAM_ID": "main2018",
    "webDataCacheBust": "1770099241561",
    "requireBust": "1769590075170"
  }
}
2026-02-05 19:47:32 [info]: Server starting...
2026-02-05 19:47:32 [info]: Listening on port 3000
2026-02-05 19:47:32 [info]: RedisDB 연결 성공
2026-02-05 19:47:32 [info]: db connect sucess
2026-02-05 19:47:34 [info]: Slack Notify 요청 받음
{
  "meta": {
    "from": "",
    "message": "",
    "IS_KEY_PROGRAM_ID": "main2018",
    "webDataCacheBust": "1770099241561",
    "requireBust": "1769590075170"
  }
}
2026-02-05 19:47:34 [error]: [200] {"text":"[Slack Notify] 알 수 없는 발신자 "}
{
  "meta": {
    "req": {
      "method": "POST",
      "url": "/api/v1/integrations/slack/notify",
      "ip": "::1",
      "query": {},
      "body": {
        "from": "",
        "message": "",
        "IS_KEY_PROGRAM_ID": "main2018",
        "webDataCacheBust": "1770099241561",
        "requireBust": "1769590075170"
      },
      "headers": {
        "host": "localhost:3000",
        "connection": "keep-alive",
        "content-length": "98",
        "pragma": "no-cache",
        "cache-control": "no-cache",
        "sec-ch-ua-platform": "\"Windows\"",
        "user-agent": "Mozilla/5.0 (Windows NT 10.0; Win64; x64) AppleWebKit/537.36 (KHTML, like Gecko) Chrome/143.0.0.0 Safari/537.36",
        "accept": "*/*",
        "sec-ch-ua": "\"Google Chrome\";v=\"143\", \"Chromium\";v=\"143\", \"Not A(Brand\";v=\"24\"",
        "content-type": "application/x-www-form-urlencoded; charset=UTF-8",
        "sec-ch-ua-mobile": "?0",
        "origin": "http://localhost:8081",
        "sec-fetch-site": "same-site",
        "sec-fetch-mode": "cors",
        "sec-fetch-dest": "empty",
        "referer": "http://localhost:8081/",
        "accept-encoding": "gzip, deflate, br, zstd",
        "accept-language": "ko-KR,ko;q=0.9,en-US;q=0.8,en;q=0.7"
      }
    },
    "user": "Guest",
    "stack": "Error: [Slack Notify] 알 수 없는 발신자 \n    at SlackService.notify (file:///d:/Project/exercise/JJServer/src/service/SlackService.js:77:19)\n    at SlackController.notify (file:///d:/Project/exercise/JJServer/src/controller/SlackController.js:53:28)\n    at newFn (d:\\Project\\exercise\\JJServer\\node_modules\\express-async-errors\\index.js:16:20)\n    at Layer.handle [as handle_request] (d:\\Project\\exercise\\JJServer\\node_modules\\express\\lib\\router\\layer.js:95:5)\n    at next (d:\\Project\\exercise\\JJServer\\node_modules\\express\\lib\\router\\route.js:144:13)\n    at Route.dispatch (d:\\Project\\exercise\\JJServer\\node_modules\\express\\lib\\router\\route.js:114:3)\n    at newFn (d:\\Project\\exercise\\JJServer\\node_modules\\express-async-errors\\index.js:16:20)\n    at Layer.handle [as handle_request] (d:\\Project\\exercise\\JJServer\\node_modules\\express\\lib\\router\\layer.js:95:5)\n    at d:\\Project\\exercise\\JJServer\\node_modules\\express\\lib\\router\\index.js:284:15\n    at Function.process_params (d:\\Project\\exercise\\JJServer\\node_modules\\express\\lib\\router\\index.js:346:12)\n    at next (d:\\Project\\exercise\\JJServer\\node_modules\\express\\lib\\router\\index.js:280:10)\n    at Function.handle (d:\\Project\\exercise\\JJServer\\node_modules\\express\\lib\\router\\index.js:175:3)\n    at router (d:\\Project\\exercise\\JJServer\\node_modules\\express\\lib\\router\\index.js:47:12)\n    at newFn (d:\\Project\\exercise\\JJServer\\node_modules\\express-async-errors\\index.js:16:20)\n    at Layer.handle [as handle_request] (d:\\Project\\exercise\\JJServer\\node_modules\\express\\lib\\router\\layer.js:95:5)\n    at trim_prefix (d:\\Project\\exercise\\JJServer\\node_modules\\express\\lib\\router\\index.js:328:13)"
  }
}
